// Jest Snapshot v1, https://goo.gl/fbAQLP

exports[`<SignInForm /> Sample SignInForm 1`] = `
<RCTSafeAreaView
  emulateUnlessSupported={true}
  style={
    Object {
      "alignItems": "center",
    }
  }
>
  <Text
    style={
      Object {
        "alignSelf": "stretch",
        "backgroundColor": "#d7dbd8",
        "color": "#153d37",
        "fontSize": 26,
        "fontWeight": "bold",
        "textAlign": "center",
      }
    }
  >
    SIGN IN
  </Text>
  <TextInput
    allowFontScaling={true}
    onChangeText={[Function]}
    placeholder="Email"
    rejectResponderTermination={true}
    style={
      Object {
        "alignSelf": "stretch",
        "borderWidth": 1,
        "height": 40,
        "margin": 12,
        "padding": 10,
      }
    }
    underlineColorAndroid="transparent"
    value=""
  />
  <TextInput
    allowFontScaling={true}
    onChangeText={[Function]}
    placeholder="Password"
    rejectResponderTermination={true}
    secureTextEntry={true}
    style={
      Object {
        "alignSelf": "stretch",
        "borderWidth": 1,
        "height": 40,
        "margin": 12,
        "padding": 10,
      }
    }
    underlineColorAndroid="transparent"
    value=""
  />
  <View
    style={
      Object {
        "alignSelf": "stretch",
        "backgroundColor": "#153d37",
        "elevation": 4,
        "marginBottom": 10,
        "marginHorizontal": 20,
      }
    }
  >
    <View
      accessibilityRole="button"
      accessibilityState={Object {}}
      accessible={true}
      focusable={true}
      onClick={[Function]}
      onResponderGrant={[Function]}
      onResponderMove={[Function]}
      onResponderRelease={[Function]}
      onResponderTerminate={[Function]}
      onResponderTerminationRequest={[Function]}
      onStartShouldSetResponder={[Function]}
      style={
        Object {
          "opacity": 1,
        }
      }
    >
      <View
        style={
          Array [
            Object {},
          ]
        }
      >
        <Text
          disabled={false}
          style={
            Array [
              Object {
                "color": "#007AFF",
                "fontSize": 18,
                "margin": 8,
                "textAlign": "center",
              },
              Object {
                "color": "#153d37",
              },
            ]
          }
        >
          SIGN IN
        </Text>
      </View>
    </View>
  </View>
  <Text
    onPress={[Function]}
    style={
      Object {
        "alignItems": "center",
        "alignSelf": "center",
        "color": "#0e0463",
        "padding": 10,
      }
    }
  >
    Don't Have Account
  </Text>
</RCTSafeAreaView>
`;
