// Jest Snapshot v1, https://goo.gl/fbAQLP

exports[`<AuthPosts /> Sample AuthPosts 1`] = `
<View
  style={
    Object {
      "alignItems": "center",
      "backgroundColor": "#FFFFFF",
      "flex": 1,
      "justifyContent": "center",
      "marginTop": 20,
    }
  }
>
  <View
    style={
      Object {
        "backgroundColor": "#d7dbd8",
        "borderColor": "#153d37",
        "borderRadius": 10,
        "borderWidth": 1,
        "flex": 1,
        "height": 150,
        "marginHorizontal": 10,
        "opacity": 0.9,
        "padding": 10,
        "resizeMode": "cover",
        "width": 250,
      }
    }
  >
    <Text
      style={
        Object {
          "color": "#153d37",
          "fontSize": 20,
          "fontWeight": "bold",
          "textAlign": "center",
        }
      }
    >
      Sorry !!!
    </Text>
    <Text
      style={
        Object {
          "color": "#153d37",
          "fontSize": 15,
          "textAlign": "center",
        }
      }
    >
      This Part Not Implemented yet.
    </Text>
  </View>
</View>
`;
