// Jest Snapshot v1, https://goo.gl/fbAQLP

exports[`<PublicNote /> Sample PublicNote 1`] = `
<ActivityIndicator
  animating={true}
  color="#C00"
  hidesWhenStopped={true}
  size="large"
  style={
    Array [
      Object {
        "height": 80,
      },
    ]
  }
/>
`;
