// Jest Snapshot v1, https://goo.gl/fbAQLP

exports[`<VisitWeb /> Sample VisitWeb 1`] = `
<View
  accessible={true}
  focusable={true}
  onClick={[Function]}
  onResponderGrant={[Function]}
  onResponderMove={[Function]}
  onResponderRelease={[Function]}
  onResponderTerminate={[Function]}
  onResponderTerminationRequest={[Function]}
  onStartShouldSetResponder={[Function]}
>
  <View
    style={
      Object {
        "alignItems": "center",
        "backgroundColor": "#0e0463",
        "borderTopLeftRadius": 100,
        "borderTopRightRadius": 100,
        "height": 60,
      }
    }
  >
    <Text
      style={
        Object {
          "color": "#FFFFFF",
          "fontSize": 19,
          "fontWeight": "bold",
          "marginTop": 15,
        }
      }
    >
      VISIT OUR WEB
    </Text>
  </View>
</View>
`;
